// Jest Snapshot v1, https://goo.gl/fbAQLP

exports[`src/component/elements/Tabs Tabs render 1`] = `
<div
  className="tabs"
>
  <div
    className="item active"
    onClick={[Function]}
  >
    <div
      className="label"
    >
      test
      <span
        className="badge"
      >
        test
      </span>
    </div>
    <div
      className="divider"
    />
  </div>
  <div
    className="item"
    onClick={[Function]}
  >
    <div
      className="label"
    >
      test2
      
    </div>
  </div>
</div>
`;
